[
  [
    {
      "Position": [
        17.381840510170605,
        -96.56710394247594
      ],
      "X": 17.381840510170605,
      "Y": -96.56710394247594
    },
    {
      "Position": [
        23.886330539151356,
        -95.37520966754155
      ],
      "X": 23.886330539151356,
      "Y": -95.37520966754155
    },
    {
      "Position": [
        35.75544955435258,
        -91.522163979112
      ],
      "X": 35.75544955435258,
      "Y": -91.522163979112
    },
    {
      "Position": [
        40.89897272801837,
        -88.93280297189413
      ],
      "X": 40.89897272801837,
      "Y": -88.93280297189413
    },
    {
      "Position": [
        97.46751605697726,
        -56.272939252515314
      ],
      "X": 97.46751605697726,
      "Y": -56.272939252515314
    },
    {
      "Position": [
        97.46751605697726,
        -44.025490540244974
      ],
      "X": 97.46751605697726,
      "Y": -44.025490540244974
    },
    {
      "Position": [
        90.52127498632984,
        -36.39471002023185
      ],
      "X": 90.52127498632984,
      "Y": -36.39471002023185
    },
    {
      "Position": [
        90.62487793635171,
        -36.0818522610455
      ],
      "X": 90.62487793635171,
      "Y": -36.0818522610455
    },
    {
      "Position": [
        106.9511064058399,
        -32.89533203466754
      ],
      "X": 106.9511064058399,
      "Y": -32.89533203466754
    },
    {
      "Position": [
        109.74234479713473,
        -31.359915671478564
      ],
      "X": 109.74234479713473,
      "Y": -31.359915671478564
    },
    {
      "Position": [
        110.02204013013998,
        -31.8280030839895
      ],
      "X": 110.02204013013998,
      "Y": -31.8280030839895
    },
    {
      "Position": [
        110.02204040080927,
        -31.828003488626422
      ],
      "X": 110.02204040080927,
      "Y": -31.828003488626422
    },
    {
      "Position": [
        110.02204040354331,
        -31.82800349409449
      ],
      "X": 110.02204040354331,
      "Y": -31.82800349409449
    },
    {
      "Position": [
        117.0931063730315,
        -27.74552165627734
      ],
      "X": 117.0931063730315,
      "Y": -27.74552165627734
    },
    {
      "Position": [
        119.69942969433508,
        -25.84668986767279
      ],
      "X": 119.69942969433508,
      "Y": -25.84668986767279
    },
    {
      "Position": [
        119.69942970527121,
        -25.846689862204727
      ],
      "X": 119.69942970527121,
      "Y": -25.846689862204727
    },
    {
      "Position": [
        119.48447871828522,
        -25.486956178915136
      ],
      "X": 119.48447871828522,
      "Y": -25.486956178915136
    },
    {
      "Position": [
        121.76474132217848,
        -23.172014482174102
      ],
      "X": 121.76474132217848,
      "Y": -23.172014482174102
    },
    {
      "Position": [
        123.22850065343395,
        -19.799901451771653
      ],
      "X": 123.22850065343395,
      "Y": -19.799901451771653
    },
    {
      "Position": [
        124.0477868164917,
        -15.82919218339895
      ],
      "X": 124.0477868164917,
      "Y": -15.82919218339895
    },
    {
      "Position": [
        124.19859296533247,
        -11.376298211942258
      ],
      "X": 124.19859296533247,
      "Y": -11.376298211942258
    },
    {
      "Position": [
        123.67651693733596,
        -6.571737338692039
      ],
      "X": 123.67651693733596,
      "Y": -6.571737338692039
    },
    {
      "Position": [
        122.49682601432633,
        -1.5563495680227473
      ],
      "X": 122.49682601432633,
      "Y": -1.5563495680227473
    },
    {
      "Position": [
        120.69414389490376,
        3.5228332923228347
      ],
      "X": 120.69414389490376,
      "Y": 3.5228332923228347
    },
    {
      "Position": [
        118.32127498906387,
        8.516947755358705
      ],
      "X": 118.32127498906387,
      "Y": 8.516947755358705
    },
    {
      "Position": [
        115.44779051563867,
        13.279572451881016
      ],
      "X": 115.44779051563867,
      "Y": 13.279572451881016
    },
    {
      "Position": [
        112.15793562718723,
        17.671113355752407
      ],
      "X": 112.15793562718723,
      "Y": 17.671113355752407
    },
    {
      "Position": [
        81.9579991196413,
        53.92706056157043
      ],
      "X": 81.9579991196413,
      "Y": 53.92706056157043
    },
    {
      "Position": [
        81.9579991196413,
        58.82604004538496
      ],
      "X": 81.9579991196413,
      "Y": 58.82604004538496
    },
    {
      "Position": [
        42.266338683836395,
        81.74203088363954
      ],
      "X": 42.266338683836395,
      "Y": 81.74203088363954
    },
    {
      "Position": [
        33.04941908628609,
        76.42063987040683
      ],
      "X": 33.04941908628609,
      "Y": 76.42063987040683
    },
    {
      "Position": [
        12.066400817475941,
        75.45898791557306
      ],
      "X": 12.066400817475941,
      "Y": 75.45898791557306
    },
    {
      "Position": [
        8.776543886701663,
        74.86624540409012
      ],
      "X": 8.776543886701663,
      "Y": 74.86624540409012
    },
    {
      "Position": [
        -1.167999753937008,
        69.3391490212161
      ],
      "X": -1.167999753937008,
      "Y": 69.3391490212161
    },
    {
      "Position": [
        -3.54086697287839,
        67.08498657316274
      ],
      "X": -3.54086697287839,
      "Y": 67.08498657316274
    },
    {
      "Position": [
        -5.343561540354331,
        64.08736890857394
      ],
      "X": -5.343561540354331,
      "Y": 64.08736890857394
    },
    {
      "Position": [
        -6.977550896762905,
        56.777892090441824
      ],
      "X": -6.977550896762905,
      "Y": 56.777892090441824
    },
    {
      "Position": [
        -11.059530621172353,
        53.41929476706037
      ],
      "X": -11.059530621172353,
      "Y": 53.41929476706037
    },
    {
      "Position": [
        -11.812257316272966,
        48.68066651629484
      ],
      "X": -11.812257316272966,
      "Y": 48.68066651629484
    },
    {
      "Position": [
        -11.05953061843832,
        44.837702184492564
      ],
      "X": -11.05953061843832,
      "Y": 44.837702184492564
    },
    {
      "Position": [
        -8.253277449693789,
        39.09227608814523
      ],
      "X": -8.253277449693789,
      "Y": 39.09227608814523
    },
    {
      "Position": [
        -6.720750002734033,
        37.129390419947505
      ],
      "X": -6.720750002734033,
      "Y": 37.129390419947505
    },
    {
      "Position": [
        -17.298051189304463,
        30.710039438429572
      ],
      "X": -17.298051189304463,
      "Y": 30.710039438429572
    },
    {
      "Position": [
        -21.355836417322834,
        25.917845412292213
      ],
      "X": -21.355836417322834,
      "Y": 25.917845412292213
    },
    {
      "Position": [
        -22.498637789807525,
        20.62460879538495
      ],
      "X": -22.498637789807525,
      "Y": 20.62460879538495
    },
    {
      "Position": [
        -22.502704781824146,
        -31.640662434383202
      ],
      "X": -22.502704781824146,
      "Y": -31.640662434383202
    },
    {
      "Position": [
        -29.811713454177603,
        -35.860520557195976
      ],
      "X": -29.811713454177603,
      "Y": -35.860520557195976
    },
    {
      "Position": [
        -34.296626394356956,
        -38.830130345034995
      ],
      "X": -34.296626394356956,
      "Y": -38.830130345034995
    },
    {
      "Position": [
        -40.97029998906387,
        -45.682767861439196
      ],
      "X": -40.97029998906387,
      "Y": -45.682767861439196
    },
    {
      "Position": [
        -43.03472680719597,
        -49.43813382545932
      ],
      "X": -43.03472680719597,
      "Y": -49.43813382545932
    },
    {
      "Position": [
        -44.19423321850394,
        -53.32082045603675
      ],
      "X": -44.19423321850394,
      "Y": -53.32082045603675
    },
    {
      "Position": [
        -44.4272209454287,
        -57.25850312773404
      ],
      "X": -44.4272209454287,
      "Y": -57.25850312773404
    },
    {
      "Position": [
        -44.4272209454287,
        -69.50595179899388
      ],
      "X": -44.4272209454287,
      "Y": -69.50595179899388
    },
    {
      "Position": [
        -42.11361118766404,
        -77.25322404035434
      ],
      "X": -42.11361118766404,
      "Y": -77.25322404035434
    },
    {
      "Position": [
        -39.365528783902015,
        -81.16964117727471
      ],
      "X": -39.365528783902015,
      "Y": -81.16964117727471
    },
    {
      "Position": [
        -36.26547902996501,
        -84.35282357010061
      ],
      "X": -36.26547902996501,
      "Y": -84.35282357010061
    },
    {
      "Position": [
        -32.142030949256345,
        -87.4922227143482
      ],
      "X": -32.142030949256345,
      "Y": -87.4922227143482
    },
    {
      "Position": [
        -27.31656338309274,
        -90.27820770723972
      ],
      "X": -27.31656338309274,
      "Y": -90.27820770723972
    },
    {
      "Position": [
        -21.8789645477909,
        -92.65888157534995
      ],
      "X": -21.8789645477909,
      "Y": -92.65888157534995
    },
    {
      "Position": [
        -16.36553093558618,
        -94.448696134077
      ],
      "X": -16.36553093558618,
      "Y": -94.448696134077
    },
    {
      "Position": [
        -9.582097449146982,
        -96.03530225010937
      ],
      "X": -9.582097449146982,
      "Y": -96.03530225010937
    },
    {
      "Position": [
        -2.9518870570866143,
        -96.96814799868767
      ],
      "X": -2.9518870570866143,
      "Y": -96.96814799868767
    },
    {
      "Position": [
        9.672713916229222,
        -97.25595753226159
      ],
      "X": 9.672713916229222,
      "Y": -97.25595753226159
    }
  ]
]
