[
  [
    {
      "Position": [
        -109.22977909284778,
        229.50656327373142
      ],
      "X": -109.22977909284778,
      "Y": 229.50656327373142
    },
    {
      "Position": [
        -98.1671491852581,
        230.8515704587708
      ],
      "X": -98.1671491852581,
      "Y": 230.8515704587708
    },
    {
      "Position": [
        -87.2887335356518,
        232.9534791694007
      ],
      "X": -87.2887335356518,
      "Y": 232.9534791694007
    },
    {
      "Position": [
        -76.5998751394357,
        235.80953360400264
      ],
      "X": -76.5998751394357,
      "Y": 235.80953360400264
    },
    {
      "Position": [
        -77.84421593394576,
        238.29821519028872
      ],
      "X": -77.84421593394576,
      "Y": 238.29821519028872
    },
    {
      "Position": [
        -85.81598734962817,
        247.80557507108486
      ],
      "X": -85.81598734962817,
      "Y": 247.80557507108486
    },
    {
      "Position": [
        -83.18214507874016,
        249.35780560476817
      ],
      "X": -83.18214507874016,
      "Y": 249.35780560476817
    },
    {
      "Position": [
        -79.64993914588801,
        251.61958106408574
      ],
      "X": -79.64993914588801,
      "Y": 251.61958106408574
    },
    {
      "Position": [
        -76.28219125656169,
        253.96315549540682
      ],
      "X": -76.28219125656169,
      "Y": 253.96315549540682
    },
    {
      "Position": [
        -73.10454215332459,
        256.37069459481626
      ],
      "X": -73.10454215332459,
      "Y": 256.37069459481626
    },
    {
      "Position": [
        -70.14116483213036,
        258.82387316819774
      ],
      "X": -70.14116483213036,
      "Y": 258.82387316819774
    },
    {
      "Position": [
        -67.41462811953194,
        261.30402559601924
      ],
      "X": -67.41462811953194,
      "Y": 261.30402559601924
    },
    {
      "Position": [
        -64.94566402012249,
        263.7922724956256
      ],
      "X": -64.94566402012249,
      "Y": 263.7922724956256
    },
    {
      "Position": [
        -62.753082401027996,
        266.269676725175
      ],
      "X": -62.753082401027996,
      "Y": 266.269676725175
    },
    {
      "Position": [
        -60.85354877788714,
        268.7173878034777
      ],
      "X": -60.85354877788714,
      "Y": 268.7173878034777
    },
    {
      "Position": [
        -59.2615364063867,
        271.11677470472443
      ],
      "X": -59.2615364063867,
      "Y": 271.11677470472443
    },
    {
      "Position": [
        -57.98915507709974,
        273.44957578740156
      ],
      "X": -57.98915507709974,
      "Y": 273.44957578740156
    },
    {
      "Position": [
        -57.04609021762905,
        275.6980375492126
      ],
      "X": -57.04609021762905,
      "Y": 275.6980375492126
    },
    {
      "Position": [
        -56.439506802274714,
        277.8450530921916
      ],
      "X": -56.439506802274714,
      "Y": 277.8450530921916
    },
    {
      "Position": [
        -56.17404569389764,
        279.8742718503937
      ],
      "X": -56.17404569389764,
      "Y": 279.8742718503937
    },
    {
      "Position": [
        -56.251710211614174,
        281.77025549540684
      ],
      "X": -56.251710211614174,
      "Y": 281.77025549540684
    },
    {
      "Position": [
        -101.88123906386701,
        373.76503501749784
      ],
      "X": -101.88123906386701,
      "Y": 373.76503501749784
    },
    {
      "Position": [
        -94.90886724901576,
        376.91848998523625
      ],
      "X": -94.90886724901576,
      "Y": 376.91848998523625
    },
    {
      "Position": [
        -89.03622702865268,
        379.86824457021
      ],
      "X": -89.03622702865268,
      "Y": 379.86824457021
    },
    {
      "Position": [
        -83.63111395997376,
        382.9575865294182
      ],
      "X": -83.63111395997376,
      "Y": 382.9575865294182
    },
    {
      "Position": [
        -79.40157616196413,
        385.84491578904203
      ],
      "X": -79.40157616196413,
      "Y": 385.84491578904203
    },
    {
      "Position": [
        -76.44035119477253,
        388.468789391951
      ],
      "X": -76.44035119477253,
      "Y": 388.468789391951
    },
    {
      "Position": [
        -74.79573121172353,
        390.7881250246063
      ],
      "X": -74.79573121172353,
      "Y": 390.7881250246063
    },
    {
      "Position": [
        -74.4590531085958,
        392.5917052138014
      ],
      "X": -74.4590531085958,
      "Y": 392.5917052138014
    },
    {
      "Position": [
        -75.7033938976378,
        395.0803867918854
      ],
      "X": -75.7033938976378,
      "Y": 395.0803867918854
    },
    {
      "Position": [
        -76.16642718996063,
        396.24076623468943
      ],
      "X": -76.16642718996063,
      "Y": 396.24076623468943
    },
    {
      "Position": [
        -77.24614619422573,
        397.23313959426946
      ],
      "X": -77.24614619422573,
      "Y": 397.23313959426946
    },
    {
      "Position": [
        -79.99230163221785,
        397.9780662401575
      ],
      "X": -79.99230163221785,
      "Y": 397.9780662401575
    },
    {
      "Position": [
        -83.68916181375766,
        397.78946164698164
      ],
      "X": -83.68916181375766,
      "Y": 397.78946164698164
    },
    {
      "Position": [
        -88.33665872703412,
        396.6657891841645
      ],
      "X": -88.33665872703412,
      "Y": 396.6657891841645
    },
    {
      "Position": [
        -93.26549576224848,
        394.8627102553587
      ],
      "X": -93.26549576224848,
      "Y": 394.8627102553587
    },
    {
      "Position": [
        -99.50011549923447,
        392.0034956228128
      ],
      "X": -99.50011549923447,
      "Y": 392.0034956228128
    },
    {
      "Position": [
        -105.71817871008312,
        388.69330684601925
      ],
      "X": -105.71817871008312,
      "Y": 388.69330684601925
    },
    {
      "Position": [
        -108.4706510033902,
        387.05699488735786
      ],
      "X": -108.4706510033902,
      "Y": 387.05699488735786
    },
    {
      "Position": [
        -152.2241543416448,
        473.63581041940074
      ],
      "X": -152.2241543416448,
      "Y": 473.63581041940074
    },
    {
      "Position": [
        -146.72071976706036,
        476.2649597960411
      ],
      "X": -146.72071976706036,
      "Y": 476.2649597960411
    },
    {
      "Position": [
        -143.87068870570866,
        477.7090038112424
      ],
      "X": -143.87068870570866,
      "Y": 477.7090038112424
    },
    {
      "Position": [
        -140.09589531933509,
        479.6514390529309
      ],
      "X": -140.09589531933509,
      "Y": 479.6514390529309
    },
    {
      "Position": [
        -136.37294704451006,
        481.70254386756346
      ],
      "X": -136.37294704451006,
      "Y": 481.70254386756346
    },
    {
      "Position": [
        -134.50271747867455,
        482.76195488845144
      ],
      "X": -134.50271747867455,
      "Y": 482.76195488845144
    },
    {
      "Position": [
        -130.02883775699914,
        485.54995752952755
      ],
      "X": -130.02883775699914,
      "Y": 485.54995752952755
    },
    {
      "Position": [
        -126.75394425853018,
        487.9688450103893
      ],
      "X": -126.75394425853018,
      "Y": 487.9688450103893
    },
    {
      "Position": [
        -126.41549955708662,
        488.2822262439851
      ],
      "X": -126.41549955708662,
      "Y": 488.2822262439851
    },
    {
      "Position": [
        -124.88463984033247,
        489.79431154035433
      ],
      "X": -124.88463984033247,
      "Y": 489.79431154035433
    },
    {
      "Position": [
        -124.88463983759843,
        489.79431154582244
      ],
      "X": -124.88463983759843,
      "Y": 489.79431154582244
    },
    {
      "Position": [
        -124.8846398266623,
        489.79431155675854
      ],
      "X": -124.8846398266623,
      "Y": 489.79431155675854
    },
    {
      "Position": [
        -124.35069785104987,
        490.65748454177606
      ],
      "X": -124.35069785104987,
      "Y": 490.65748454177606
    },
    {
      "Position": [
        -124.06904438429572,
        491.2590763424103
      ],
      "X": -124.06904438429572,
      "Y": 491.2590763424103
    },
    {
      "Position": [
        -125.30521869805337,
        493.74677543197726
      ],
      "X": -125.30521869805337,
      "Y": 493.74677543197726
    },
    {
      "Position": [
        -125.55687655566491,
        494.83078695045936
      ],
      "X": -125.55687655566491,
      "Y": 494.83078695045936
    },
    {
      "Position": [
        -126.55514506233597,
        495.4234033601269
      ],
      "X": -126.55514506233597,
      "Y": 495.4234033601269
    },
    {
      "Position": [
        -128.2792366360455,
        495.7489743739064
      ],
      "X": -128.2792366360455,
      "Y": 495.7489743739064
    },
    {
      "Position": [
        -129.33824785925196,
        495.66379875328084
      ],
      "X": -129.33824785925196,
      "Y": 495.66379875328084
    },
    {
      "Position": [
        -130.80356899059493,
        495.3179890337927
      ],
      "X": -130.80356899059493,
      "Y": 495.3179890337927
    },
    {
      "Position": [
        -132.4707589785652,
        494.7912317257218
      ],
      "X": -132.4707589785652,
      "Y": 494.7912317257218
    },
    {
      "Position": [
        -134.39502255304023,
        494.07445797790905
      ],
      "X": -134.39502255304023,
      "Y": 494.07445797790905
    },
    {
      "Position": [
        -136.50001081583554,
        493.1892891240158
      ],
      "X": -136.50001081583554,
      "Y": 493.1892891240158
    },
    {
      "Position": [
        -138.67013899004812,
        492.18259481627297
      ],
      "X": -138.67013899004812,
      "Y": 492.18259481627297
    },
    {
      "Position": [
        -140.73817894520997,
        491.1414278379265
      ],
      "X": -140.73817894520997,
      "Y": 491.1414278379265
    },
    {
      "Position": [
        -142.69751446850395,
        490.0846880659449
      ],
      "X": -142.69751446850395,
      "Y": 490.0846880659449
    },
    {
      "Position": [
        -151.53897066382328,
        485.16575843996065
      ],
      "X": -151.53897066382328,
      "Y": 485.16575843996065
    },
    {
      "Position": [
        -152.06847025645231,
        485.6726482228784
      ],
      "X": -152.06847025645231,
      "Y": 485.6726482228784
    },
    {
      "Position": [
        -147.92541169892826,
        493.9498333470035
      ],
      "X": -147.92541169892826,
      "Y": 493.9498333470035
    },
    {
      "Position": [
        -147.7906038331146,
        496.4826643509405
      ],
      "X": -147.7906038331146,
      "Y": 496.4826643509405
    },
    {
      "Position": [
        -148.01684598917322,
        499.1062601459974
      ],
      "X": -148.01684598917322,
      "Y": 499.1062601459974
    },
    {
      "Position": [
        -148.60082912565616,
        501.7824670959099
      ],
      "X": -148.60082912565616,
      "Y": 501.7824670959099
    },
    {
      "Position": [
        -149.534085854112,
        504.47185496227036
      ],
      "X": -149.534085854112,
      "Y": 504.47185496227036
    },
    {
      "Position": [
        -150.80287269247594,
        507.1350190288714
      ],
      "X": -150.80287269247594,
      "Y": 507.1350190288714
    },
    {
      "Position": [
        -152.38867111493877,
        509.73300255905514
      ],
      "X": -152.38867111493877,
      "Y": 509.73300255905514
    },
    {
      "Position": [
        -154.26810728346456,
        512.2277724956256
      ],
      "X": -154.26810728346456,
      "Y": 512.2277724956256
    },
    {
      "Position": [
        -156.41374326060804,
        514.5826318924978
      ],
      "X": -156.41374326060804,
      "Y": 514.5826318924978
    },
    {
      "Position": [
        -158.79402981463255,
        516.7631717465005
      ],
      "X": -158.79402981463255,
      "Y": 516.7631717465005
    },
    {
      "Position": [
        -161.37427284284777,
        518.737404516623
      ],
      "X": -161.37427284284777,
      "Y": 518.737404516623
    },
    {
      "Position": [
        -179.2936048091645,
        530.4839511865705
      ],
      "X": -179.2936048091645,
      "Y": 530.4839511865705
    },
    {
      "Position": [
        -181.19987612368766,
        531.7821349026684
      ],
      "X": -181.19987612368766,
      "Y": 531.7821349026684
    },
    {
      "Position": [
        -189.3962556157043,
        548.080286928587
      ],
      "X": -189.3962556157043,
      "Y": 548.080286928587
    },
    {
      "Position": [
        -188.53069329888453,
        550.3946922408137
      ],
      "X": -188.53069329888453,
      "Y": 550.3946922408137
    },
    {
      "Position": [
        -187.99971763724847,
        552.604021216098
      ],
      "X": -187.99971763724847,
      "Y": 552.604021216098
    },
    {
      "Position": [
        -187.80717963145233,
        554.6926377597332
      ],
      "X": -187.80717963145233,
      "Y": 554.6926377597332
    },
    {
      "Position": [
        -187.95437147583115,
        556.6462813784996
      ],
      "X": -187.95437147583115,
      "Y": 556.6462813784996
    },
    {
      "Position": [
        -188.4403129347113,
        558.4515921560586
      ],
      "X": -188.4403129347113,
      "Y": 558.4515921560586
    },
    {
      "Position": [
        -189.2616635526028,
        560.0962552274716
      ],
      "X": -189.2616635526028,
      "Y": 560.0962552274716
    },
    {
      "Position": [
        -190.4128247019904,
        561.5690238052275
      ],
      "X": -190.4128247019904,
      "Y": 561.5690238052275
    },
    {
      "Position": [
        -191.88592359744095,
        562.859846216098
      ],
      "X": -191.88592359744095,
      "Y": 562.859846216098
    },
    {
      "Position": [
        -193.67091285815837,
        563.9598889873141
      ],
      "X": -193.67091285815837,
      "Y": 563.9598889873141
    },
    {
      "Position": [
        -199.93123959426947,
        567.7273931676509
      ],
      "X": -199.93123959426947,
      "Y": 567.7273931676509
    },
    {
      "Position": [
        -201.66402677712162,
        568.7647006725722
      ],
      "X": -201.66402677712162,
      "Y": 568.7647006725722
    },
    {
      "Position": [
        -203.69807848862644,
        569.600929027231
      ],
      "X": -203.69807848862644,
      "Y": 569.600929027231
    },
    {
      "Position": [
        -206.01790025699913,
        570.2297269794401
      ],
      "X": -206.01790025699913,
      "Y": 570.2297269794401
    },
    {
      "Position": [
        -208.60587010061244,
        570.6462736521216
      ],
      "X": -208.60587010061244,
      "Y": 570.6462736521216
    },
    {
      "Position": [
        -211.44221745953632,
        570.8474802220035
      ],
      "X": -211.44221745953632,
      "Y": 570.8474802220035
    },
    {
      "Position": [
        -214.5054467683727,
        570.8317185586177
      ],
      "X": -214.5054467683727,
      "Y": 570.8317185586177
    },
    {
      "Position": [
        -217.7721986083771,
        570.5991618739064
      ],
      "X": -217.7721986083771,
      "Y": 570.5991618739064
    },
    {
      "Position": [
        -221.21759951881015,
        570.1515826197507
      ],
      "X": -221.21759951881015,
      "Y": 570.1515826197507
    },
    {
      "Position": [
        -224.81544905129047,
        569.4923698572835
      ],
      "X": -224.81544905129047,
      "Y": 569.4923698572835
    },
    {
      "Position": [
        -228.53836432086615,
        568.6265407534996
      ],
      "X": -228.53836432086615,
      "Y": 568.6265407534996
    },
    {
      "Position": [
        -232.35800840715223,
        567.560688656496
      ],
      "X": -232.35800840715223,
      "Y": 567.560688656496
    },
    {
      "Position": [
        -236.24531097440945,
        566.3029253089458
      ],
      "X": -236.24531097440945,
      "Y": 566.3029253089458
    },
    {
      "Position": [
        -240.17068836395453,
        564.8628232064742
      ],
      "X": -240.17068836395453,
      "Y": 564.8628232064742
    },
    {
      "Position": [
        -244.10426861603239,
        563.2513462434383
      ],
      "X": -244.10426861603239,
      "Y": 563.2513462434383
    },
    {
      "Position": [
        -248.01610418580492,
        561.4807572944007
      ],
      "X": -248.01610418580492,
      "Y": 561.4807572944007
    },
    {
      "Position": [
        -251.87643363954507,
        559.5645259979221
      ],
      "X": -251.87643363954507,
      "Y": 559.5645259979221
    },
    {
      "Position": [
        -255.65588058016186,
        557.5172361384515
      ],
      "X": -255.65588058016186,
      "Y": 557.5172361384515
    },
    {
      "Position": [
        -259.3256630331365,
        555.3544820620078
      ],
      "X": -259.3256630331365,
      "Y": 555.3544820620078
    },
    {
      "Position": [
        -262.8578760553368,
        553.0927065917542
      ],
      "X": -262.8578760553368,
      "Y": 553.0927065917542
    },
    {
      "Position": [
        -266.2256239473972,
        550.7491321604331
      ],
      "X": -266.2256239473972,
      "Y": 550.7491321604331
    },
    {
      "Position": [
        -269.403273026028,
        548.3415930801618
      ],
      "X": -269.403273026028,
      "Y": 548.3415930801618
    },
    {
      "Position": [
        -272.36664332622485,
        545.8884144603019
      ],
      "X": -272.36664332622485,
      "Y": 545.8884144603019
    },
    {
      "Position": [
        -275.0931870734908,
        543.4082620707568
      ],
      "X": -275.0931870734908,
      "Y": 543.4082620707568
    },
    {
      "Position": [
        -277.56215118110237,
        540.9200151602143
      ],
      "X": -277.56215118110237,
      "Y": 540.9200151602143
    },
    {
      "Position": [
        -279.7547327783246,
        538.4426109552712
      ],
      "X": -279.7547327783246,
      "Y": 538.4426109552712
    },
    {
      "Position": [
        -281.65426642607173,
        535.9948998414261
      ],
      "X": -281.65426642607173,
      "Y": 535.9948998414261
    },
    {
      "Position": [
        -283.2462788057743,
        533.5955129347113
      ],
      "X": -283.2462788057743,
      "Y": 533.5955129347113
    },
    {
      "Position": [
        -284.5186601241251,
        531.2627118684384
      ],
      "X": -284.5186601241251,
      "Y": 531.2627118684384
    },
    {
      "Position": [
        -285.4617249835958,
        529.0142501120954
      ],
      "X": -285.4617249835958,
      "Y": 529.0142501120954
    },
    {
      "Position": [
        -285.68827594597553,
        521.7863744176509
      ],
      "X": -285.68827594597553,
      "Y": 521.7863744176509
    },
    {
      "Position": [
        -286.5540395888014,
        519.4714307770123
      ],
      "X": -286.5540395888014,
      "Y": 519.4714307770123
    },
    {
      "Position": [
        -287.0850081774934,
        517.2621018181321
      ],
      "X": -287.0850081774934,
      "Y": 517.2621018181321
    },
    {
      "Position": [
        -287.27755325896766,
        515.1734852690289
      ],
      "X": -287.27755325896766,
      "Y": 515.1734852690289
    },
    {
      "Position": [
        -287.1303614118548,
        513.2198416475285
      ],
      "X": -287.1303614118548,
      "Y": 513.2198416475285
    },
    {
      "Position": [
        -286.64441995297466,
        511.4145308699694
      ],
      "X": -286.64441995297466,
      "Y": 511.4145308699694
    },
    {
      "Position": [
        -285.8230693350831,
        509.76986779855645
      ],
      "X": -285.8230693350831,
      "Y": 509.76986779855645
    },
    {
      "Position": [
        -284.67190780019683,
        508.2970974901575
      ],
      "X": -284.67190780019683,
      "Y": 508.2970974901575
    },
    {
      "Position": [
        -283.19880954997814,
        507.00627796369207
      ],
      "X": -283.19880954997814,
      "Y": 507.00627796369207
    },
    {
      "Position": [
        -281.41383020013126,
        505.9062262822616
      ],
      "X": -281.41383020013126,
      "Y": 505.9062262822616
    },
    {
      "Position": [
        -279.3291617043963,
        505.0044575896763
      ],
      "X": -279.3291617043963,
      "Y": 505.0044575896763
    },
    {
      "Position": [
        -277.4570142087708,
        504.4536419974847
      ],
      "X": -277.4570142087708,
      "Y": 504.4536419974847
    },
    {
      "Position": [
        -273.8118372265967,
        497.18255098698603
      ],
      "X": -273.8118372265967,
      "Y": 497.18255098698603
    },
    {
      "Position": [
        -300.46614384295714,
        477.88809772528435
      ],
      "X": -300.46614384295714,
      "Y": 477.88809772528435
    },
    {
      "Position": [
        -299.2218030511811,
        475.3994161472004
      ],
      "X": -299.2218030511811,
      "Y": 475.3994161472004
    },
    {
      "Position": [
        -297.23300710028434,
        472.16282709973757
      ],
      "X": -297.23300710028434,
      "Y": 472.16282709973757
    },
    {
      "Position": [
        -295.23056947725286,
        468.8057495543526
      ],
      "X": -295.23056947725286,
      "Y": 468.8057495543526
    },
    {
      "Position": [
        -293.2382775973316,
        465.36809415463694
      ],
      "X": -293.2382775973316,
      "Y": 465.36809415463694
    },
    {
      "Position": [
        -291.2798220800525,
        461.8907281441382
      ],
      "X": -291.2798220800525,
      "Y": 461.8907281441382
    },
    {
      "Position": [
        -289.3784382217848,
        458.4148844296807
      ],
      "X": -289.3784382217848,
      "Y": 458.4148844296807
    },
    {
      "Position": [
        -287.556704109252,
        454.98188042158796
      ],
      "X": -287.556704109252,
      "Y": 454.98188042158796
    },
    {
      "Position": [
        -285.8363021434821,
        451.63253043799216
      ],
      "X": -285.8363021434821,
      "Y": 451.63253043799216
    },
    {
      "Position": [
        -284.237584375,
        448.40651533245847
      ],
      "X": -284.237584375,
      "Y": 448.40651533245847
    },
    {
      "Position": [
        -282.77960687335957,
        445.34222609908136
      ],
      "X": -282.77960687335957,
      "Y": 445.34222609908136
    },
    {
      "Position": [
        -281.4796437992126,
        442.4760107912292
      ],
      "X": -281.4796437992126,
      "Y": 442.4760107912292
    },
    {
      "Position": [
        -280.35318404965005,
        439.841982234252
      ],
      "X": -280.35318404965005,
      "Y": 439.841982234252
    },
    {
      "Position": [
        -279.4135200705381,
        437.47128261701664
      ],
      "X": -279.4135200705381,
      "Y": 437.47128261701664
    },
    {
      "Position": [
        -278.67193037237536,
        435.3922868164917
      ],
      "X": -278.67193037237536,
      "Y": 435.3922868164917
    },
    {
      "Position": [
        -278.13711248632984,
        433.62945320155296
      ],
      "X": -278.13711248632984,
      "Y": 433.62945320155296
    },
    {
      "Position": [
        -274.41282305610235,
        420.6789086559493
      ],
      "X": -274.41282305610235,
      "Y": 420.6789086559493
    },
    {
      "Position": [
        -273.82288558070866,
        418.94315609689414
      ],
      "X": -273.82288558070866,
      "Y": 418.94315609689414
    },
    {
      "Position": [
        -273.03555199311023,
        416.91332684547245
      ],
      "X": -273.03555199311023,
      "Y": 416.91332684547245
    },
    {
      "Position": [
        -272.0625481326553,
        414.61958253499563
      ],
      "X": -272.0625481326553,
      "Y": 414.61958253499563
    },
    {
      "Position": [
        -270.91816353346456,
        412.09564469324147
      ],
      "X": -270.91816353346456,
      "Y": 412.09564469324147
    },
    {
      "Position": [
        -269.6193069171041,
        409.378801233049
      ],
      "X": -269.6193069171041,
      "Y": 409.378801233049
    },
    {
      "Position": [
        -268.18526482392826,
        406.50938860181543
      ],
      "X": -268.18526482392826,
      "Y": 406.50938860181543
    },
    {
      "Position": [
        -266.6371156578084,
        403.5295985263561
      ],
      "X": -266.6371156578084,
      "Y": 403.5295985263561
    },
    {
      "Position": [
        -264.99779968285213,
        400.48355794510064
      ],
      "X": -264.99779968285213,
      "Y": 400.48355794510064
    },
    {
      "Position": [
        -263.291502058727,
        397.4162399797682
      ],
      "X": -263.291502058727,
      "Y": 397.4162399797682
    },
    {
      "Position": [
        -261.54342915026245,
        394.3729192120516
      ],
      "X": -261.54342915026245,
      "Y": 394.3729192120516
    },
    {
      "Position": [
        -259.7794966590114,
        391.39875837434386
      ],
      "X": -259.7794966590114,
      "Y": 391.39875837434386
    },
    {
      "Position": [
        -258.0256651027997,
        388.5374753116798
      ],
      "X": -258.0256651027997,
      "Y": 388.5374753116798
    },
    {
      "Position": [
        -256.3078869504593,
        385.8314560094051
      ],
      "X": -256.3078869504593,
      "Y": 385.8314560094051
    },
    {
      "Position": [
        -254.65155845089677,
        383.32069107064746
      ],
      "X": -254.65155845089677,
      "Y": 383.32069107064746
    },
    {
      "Position": [
        -253.08110845089678,
        381.0422026547463
      ],
      "X": -253.08110845089678,
      "Y": 381.0422026547463
    },
    {
      "Position": [
        -251.6198063730315,
        379.02974927274715
      ],
      "X": -251.6198063730315,
      "Y": 379.02974927274715
    },
    {
      "Position": [
        -249.7074091371391,
        376.37062831638235
      ],
      "X": -249.7074091371391,
      "Y": 376.37062831638235
    },
    {
      "Position": [
        -246.48103048720472,
        372.8282798665792
      ],
      "X": -246.48103048720472,
      "Y": 372.8282798665792
    },
    {
      "Position": [
        -242.71848316655732,
        369.53876099081367
      ],
      "X": -242.71848316655732,
      "Y": 369.53876099081367
    },
    {
      "Position": [
        -236.88333764490378,
        365.55193365594926
      ],
      "X": -236.88333764490378,
      "Y": 365.55193365594926
    },
    {
      "Position": [
        -229.39483813702975,
        361.7171072123797
      ],
      "X": -229.39483813702975,
      "Y": 361.7171072123797
    },
    {
      "Position": [
        -220.93688154254156,
        358.5524389627078
      ],
      "X": -220.93688154254156,
      "Y": 358.5524389627078
    },
    {
      "Position": [
        -211.64229689140421,
        356.1057610536964
      ],
      "X": -211.64229689140421,
      "Y": 356.1057610536964
    },
    {
      "Position": [
        -202.49839171314522,
        354.55977008420825
      ],
      "X": -202.49839171314522,
      "Y": 354.55977008420825
    },
    {
      "Position": [
        -184.22096876913824,
        317.99441710958007
      ],
      "X": -184.22096876913824,
      "Y": 317.99441710958007
    },
    {
      "Position": [
        -185.7300345472441,
        315.4779362423447
      ],
      "X": -185.7300345472441,
      "Y": 315.4779362423447
    },
    {
      "Position": [
        -190.03136775207787,
        306.52239116907265
      ],
      "X": -190.03136775207787,
      "Y": 306.52239116907265
    },
    {
      "Position": [
        -193.22381273512687,
        297.6762634104331
      ],
      "X": -193.22381273512687,
      "Y": 297.6762634104331
    },
    {
      "Position": [
        -195.13078086996939,
        289.82608077701224
      ],
      "X": -195.13078086996939,
      "Y": 289.82608077701224
    },
    {
      "Position": [
        -196.12388027941822,
        281.4470627023185
      ],
      "X": -196.12388027941822,
      "Y": 281.4470627023185
    },
    {
      "Position": [
        -195.99540121937883,
        274.3181099901575
      ],
      "X": -195.99540121937883,
      "Y": 274.3181099901575
    },
    {
      "Position": [
        -194.72253621227034,
        266.9597581501531
      ],
      "X": -194.72253621227034,
      "Y": 266.9597581501531
    },
    {
      "Position": [
        -192.301168667979,
        260.32814710192474
      ],
      "X": -192.301168667979,
      "Y": 260.32814710192474
    },
    {
      "Position": [
        -191.05682786253283,
        257.8394654937664
      ],
      "X": -191.05682786253283,
      "Y": 257.8394654937664
    },
    {
      "Position": [
        -187.49036967683728,
        251.93654939304463
      ],
      "X": -187.49036967683728,
      "Y": 251.93654939304463
    },
    {
      "Position": [
        -184.26399102143483,
        248.39420093503938
      ],
      "X": -184.26399102143483,
      "Y": 248.39420093503938
    },
    {
      "Position": [
        -180.50144369805338,
        245.10468205653981
      ],
      "X": -180.50144369805338,
      "Y": 245.10468205653981
    },
    {
      "Position": [
        -174.66629819553808,
        241.11785473261156
      ],
      "X": -174.66629819553808,
      "Y": 241.11785473261156
    },
    {
      "Position": [
        -167.1778394876422,
        237.2831099245407
      ],
      "X": -167.1778394876422,
      "Y": 237.2831099245407
    },
    {
      "Position": [
        -158.71984206583554,
        234.11836002569993
      ],
      "X": -158.71984206583554,
      "Y": 234.11836002569993
    },
    {
      "Position": [
        -149.42525165682414,
        231.67168789643483
      ],
      "X": -149.42525165682414,
      "Y": 231.67168789643483
    },
    {
      "Position": [
        -139.49169248414262,
        229.99218094652232
      ],
      "X": -139.49169248414262,
      "Y": 229.99218094652232
    },
    {
      "Position": [
        -130.01647820975504,
        229.1480976541995
      ],
      "X": -130.01647820975504,
      "Y": 229.1480976541995
    },
    {
      "Position": [
        -119.16020445920823,
        228.97461833442696
      ],
      "X": -119.16020445920823,
      "Y": 228.97461833442696
    }
  ]
]
