[
  [
    {
      "Position": [
        98.0685111111111,
        43.26182056266404
      ],
      "X": 98.0685111111111,
      "Y": 43.26182056266404
    },
    {
      "Position": [
        98.0685111111111,
        43.261820581802276
      ],
      "X": 98.0685111111111,
      "Y": 43.261820581802276
    },
    {
      "Position": [
        98.06851111657917,
        43.261820590004376
      ],
      "X": 98.06851111657917,
      "Y": 43.261820590004376
    },
    {
      "Position": [
        98.20028093832022,
        47.128904183070865
      ],
      "X": 98.20028093832022,
      "Y": 47.128904183070865
    },
    {
      "Position": [
        97.55543282753719,
        51.346119061679794
      ],
      "X": 97.55543282753719,
      "Y": 51.346119061679794
    },
    {
      "Position": [
        96.15285681594489,
        55.789843408245844
      ],
      "X": 96.15285681594489,
      "Y": 55.789843408245844
    },
    {
      "Position": [
        91.26003589785653,
        64.83294548611111
      ],
      "X": 91.26003589785653,
      "Y": 64.83294548611111
    },
    {
      "Position": [
        84.09131447944007,
        73.20564224081365
      ],
      "X": 84.09131447944007,
      "Y": 73.20564224081365
    },
    {
      "Position": [
        79.90637658573928,
        76.82978021106737
      ],
      "X": 79.90637658573928,
      "Y": 76.82978021106737
    },
    {
      "Position": [
        75.48108328412074,
        79.93339786745408
      ],
      "X": 75.48108328412074,
      "Y": 79.93339786745408
    },
    {
      "Position": [
        70.94515728073054,
        82.42554014927822
      ],
      "X": 70.94515728073054,
      "Y": 82.42554014927822
    },
    {
      "Position": [
        31.335217872375328,
        101.24554589895014
      ],
      "X": 31.335217872375328,
      "Y": 101.24554589895014
    },
    {
      "Position": [
        28.885728130468067,
        106.14452538276466
      ],
      "X": 28.885728130468067,
      "Y": 106.14452538276466
    },
    {
      "Position": [
        -10.805932299868767,
        106.14452538276466
      ],
      "X": -10.805932299868767,
      "Y": 106.14452538276466
    },
    {
      "Position": [
        -25.2396886264217,
        91.71076905621173
      ],
      "X": -25.2396886264217,
      "Y": 91.71076905621173
    },
    {
      "Position": [
        -23.64937750984252,
        87.40167752898076
      ],
      "X": -23.64937750984252,
      "Y": 87.40167752898076
    },
    {
      "Position": [
        -29.146377578193352,
        82.42554013560805
      ],
      "X": -29.146377578193352,
      "Y": 82.42554013560805
    },
    {
      "Position": [
        -36.96366452865267,
        74.15989667541558
      ],
      "X": -36.96366452865267,
      "Y": 74.15989667541558
    },
    {
      "Position": [
        -38.285333374343836,
        71.05627902723097
      ],
      "X": -38.285333374343836,
      "Y": 71.05627902723097
    },
    {
      "Position": [
        -38.84613160815836,
        67.43214104604112
      ],
      "X": -38.84613160815836,
      "Y": 67.43214104604112
    },
    {
      "Position": [
        -40.159629008092736,
        52.29593125
      ],
      "X": -40.159629008092736,
      "Y": 52.29593125
    },
    {
      "Position": [
        -51.22541821959755,
        40.95947159886264
      ],
      "X": -51.22541821959755,
      "Y": 40.95947159886264
    },
    {
      "Position": [
        -54.149325844816275,
        35.914294824475064
      ],
      "X": -54.149325844816275,
      "Y": 35.914294824475064
    },
    {
      "Position": [
        -54.34607936351706,
        31.7048646134077
      ],
      "X": -54.34607936351706,
      "Y": 31.7048646134077
    },
    {
      "Position": [
        -25.842541994750658,
        -25.407062450787404
      ],
      "X": -25.842541994750658,
      "Y": -25.407062450787404
    },
    {
      "Position": [
        -26.930451276793526,
        -35.44191722440945
      ],
      "X": -26.930451276793526,
      "Y": -35.44191722440945
    },
    {
      "Position": [
        -29.15639814632546,
        -37.871392905183725
      ],
      "X": -29.15639814632546,
      "Y": -37.871392905183725
    },
    {
      "Position": [
        -34.128739055664916,
        -45.4414551891951
      ],
      "X": -34.128739055664916,
      "Y": -45.4414551891951
    },
    {
      "Position": [
        -35.40695359525372,
        -48.93969864665355
      ],
      "X": -35.40695359525372,
      "Y": -48.93969864665355
    },
    {
      "Position": [
        -35.42888170658355,
        -55.03801813757656
      ],
      "X": -35.42888170658355,
      "Y": -55.03801813757656
    },
    {
      "Position": [
        -28.048459465223097,
        -69.77193784722222
      ],
      "X": -28.048459465223097,
      "Y": -69.77193784722222
    },
    {
      "Position": [
        -22.85430664643482,
        -73.4665135361986
      ],
      "X": -22.85430664643482,
      "Y": -73.4665135361986
    },
    {
      "Position": [
        -15.288801137357831,
        -74.98827316819772
      ],
      "X": -15.288801137357831,
      "Y": -74.98827316819772
    },
    {
      "Position": [
        -10.463333568460193,
        -74.98827316819772
      ],
      "X": -10.463333568460193,
      "Y": -74.98827316819772
    },
    {
      "Position": [
        0.14569119367891514,
        -73.4665135361986
      ],
      "X": 0.14569119367891514,
      "Y": -73.4665135361986
    },
    {
      "Position": [
        12.72899814632546,
        -69.77193784722222
      ],
      "X": 12.72899814632546,
      "Y": -69.77193784722222
    },
    {
      "Position": [
        24.241008696959756,
        -64.82147815507437
      ],
      "X": 24.241008696959756,
      "Y": -64.82147815507437
    },
    {
      "Position": [
        31.133338076881017,
        -61.18714736165792
      ],
      "X": 31.133338076881017,
      "Y": -61.18714736165792
    },
    {
      "Position": [
        36.85161582458443,
        -57.68890390693351
      ],
      "X": 36.85161582458443,
      "Y": -57.68890390693351
    },
    {
      "Position": [
        47.019402179024496,
        -50.118841617454066
      ],
      "X": 47.019402179024496,
      "Y": -50.118841617454066
    },
    {
      "Position": [
        51.27950061242345,
        -46.18805235400263
      ],
      "X": 51.27950061242345,
      "Y": -46.18805235400263
    },
    {
      "Position": [
        97.46752282917761,
        -3.013724846894138E-05
      ],
      "X": 97.46752282917761,
      "Y": -3.013724846894138E-05
    },
    {
      "Position": [
        91.34379847167541,
        12.247418575021873
      ],
      "X": 91.34379847167541,
      "Y": 12.247418575021873
    },
    {
      "Position": [
        86.04048679461943,
        12.247418575021873
      ],
      "X": 86.04048679461943,
      "Y": 12.247418575021873
    },
    {
      "Position": [
        80.35284440890202,
        17.935066478018374
      ],
      "X": 80.35284440890202,
      "Y": 17.935066478018374
    },
    {
      "Position": [
        77.88167338965442,
        15.463895458770779
      ],
      "X": 77.88167338965442,
      "Y": 15.463895458770779
    },
    {
      "Position": [
        77.48440488298338,
        15.818255848097113
      ],
      "X": 77.48440488298338,
      "Y": 15.818255848097113
    },
    {
      "Position": [
        89.73971579451006,
        31.24439302548119
      ],
      "X": 89.73971579451006,
      "Y": 31.24439302548119
    },
    {
      "Position": [
        90.98175703740158,
        34.279352477034124
      ],
      "X": 90.98175703740158,
      "Y": 34.279352477034124
    },
    {
      "Position": [
        91.3904832321741,
        34.084726123687666
      ],
      "X": 91.3904832321741,
      "Y": 34.084726123687666
    },
    {
      "Position": [
        97.16398442147857,
        39.85822731572616
      ],
      "X": 97.16398442147857,
      "Y": 39.85822731572616
    }
  ]
]
